// Jest Snapshot v1, https://goo.gl/fbAQLP

exports[`tests on <NoteScreen /> should render correctly 1`] = `
<div
  className="notes__main"
>
  <div
    className="notes__appbar"
  >
    <span>
      18 de enero de 2021
    </span>
    <input
      id="fileSelector"
      name="file"
      onChange={[Function]}
      style={
        Object {
          "display": "none",
        }
      }
      type="file"
    />
    <div>
      <button
        className="btn"
        onClick={[Function]}
      >
        Imagen
      </button>
      <button
        className="btn"
        onClick={[Function]}
      >
        Guardar
      </button>
    </div>
  </div>
  <div
    className="notes__content"
  >
    <input
      className="notes__title-input"
      name="title"
      onChange={[Function]}
      placeholder="Its called Lothric..."
      type="text"
      value="Hola"
    />
    <textarea
      className="notes__text-area"
      name="body"
      onChange={[Function]}
      placeholder="Did u get good?"
      value="Mundo"
    />
  </div>
  <button
    className="btn btn-danger"
    onClick={[Function]}
  >
    Borrar Nota
  </button>
</div>
`;
